**********************************************
TEST SUITE CBRM
"2017-07-21T10:40:05"^^\dateTime
**********************************************
**********************************************
TEST SUITE CBRM
"2017-07-21T10:45:28"^^\dateTime
**********************************************
**********************************************
                END TEST SUITE                
"2017-07-21T10:45:28"^^\dateTime
**********************************************
**********************************************
TEST SUITE CBRM
"2017-07-21T10:57:35"^^\dateTime
**********************************************
**********************************************
                END TEST SUITE                
"2017-07-21T10:57:35"^^\dateTime
**********************************************
**********************************************
TEST SUITE CBRM
"2017-07-21T11:13:49"^^\dateTime
**********************************************
